
> arifurrahman.xyz@0.1.0 build
> next build

   ▲ Next.js 15.1.4
   - Environments: .env

   Creating an optimized production build ...
Failed to compile.

./components/new-header.jsx
Error:   [31mx[0m Unexpected eof
     ,-[[36;1;4mC:\Users\ThinkPad\Desktop\Personal Portfolio\arifurrahman.xyz\components\new-header.jsx[0m:118:4]
 [2m116[0m |     </header>
 [2m117[0m |   );
 [2m118[0m | }
     `----

Caused by:
    Syntax Error

Import trace for requested module:
./components/new-header.jsx
./app/page.js


> Build failed because of webpack errors
